// Jest Snapshot v1, https://goo.gl/fbAQLP

exports[`<TicTacToe /> Renders Succesfully 1`] = `
ShallowWrapper {
  "length": 1,
  Symbol(enzyme.__root__): [Circular],
  Symbol(enzyme.__unrendered__): <TicTacToe />,
  Symbol(enzyme.__renderer__): Object {
    "batchedUpdates": [Function],
    "getNode": [Function],
    "render": [Function],
    "simulateEvent": [Function],
    "unmount": [Function],
  },
  Symbol(enzyme.__node__): Object {
    "instance": null,
    "key": undefined,
    "nodeType": "host",
    "props": Object {
      "children": <div
        className="tictactoe--board"
      >
        <div
          className="tictactoe--cell flex--center"
          onClick={[Function]}
        >
          0
        </div>
        <div
          className="tictactoe--cell flex--center"
          onClick={[Function]}
        >
          0
        </div>
        <div
          className="tictactoe--cell flex--center"
          onClick={[Function]}
        >
          0
        </div>
        <div
          className="tictactoe--cell flex--center"
          onClick={[Function]}
        >
          0
        </div>
        <div
          className="tictactoe--cell flex--center"
          onClick={[Function]}
        >
          0
        </div>
        <div
          className="tictactoe--cell flex--center"
          onClick={[Function]}
        >
          0
        </div>
        <div
          className="tictactoe--cell flex--center"
          onClick={[Function]}
        >
          0
        </div>
        <div
          className="tictactoe--cell flex--center"
          onClick={[Function]}
        >
          0
        </div>
        <div
          className="tictactoe--cell flex--center"
          onClick={[Function]}
        >
          0
        </div>
      </div>,
      "className": "tictactoe--container content--center",
    },
    "ref": null,
    "rendered": Object {
      "instance": null,
      "key": undefined,
      "nodeType": "host",
      "props": Object {
        "children": Array [
          Array [
            <div
              className="tictactoe--cell flex--center"
              onClick={[Function]}
            >
              0
            </div>,
            <div
              className="tictactoe--cell flex--center"
              onClick={[Function]}
            >
              0
            </div>,
            <div
              className="tictactoe--cell flex--center"
              onClick={[Function]}
            >
              0
            </div>,
          ],
          Array [
            <div
              className="tictactoe--cell flex--center"
              onClick={[Function]}
            >
              0
            </div>,
            <div
              className="tictactoe--cell flex--center"
              onClick={[Function]}
            >
              0
            </div>,
            <div
              className="tictactoe--cell flex--center"
              onClick={[Function]}
            >
              0
            </div>,
          ],
          Array [
            <div
              className="tictactoe--cell flex--center"
              onClick={[Function]}
            >
              0
            </div>,
            <div
              className="tictactoe--cell flex--center"
              onClick={[Function]}
            >
              0
            </div>,
            <div
              className="tictactoe--cell flex--center"
              onClick={[Function]}
            >
              0
            </div>,
          ],
        ],
        "className": "tictactoe--board",
      },
      "ref": null,
      "rendered": Array [
        Object {
          "instance": null,
          "key": "0_0",
          "nodeType": "host",
          "props": Object {
            "children": 0,
            "className": "tictactoe--cell flex--center",
            "onClick": [Function],
          },
          "ref": null,
          "rendered": 0,
          "type": "div",
        },
        Object {
          "instance": null,
          "key": "0_1",
          "nodeType": "host",
          "props": Object {
            "children": 0,
            "className": "tictactoe--cell flex--center",
            "onClick": [Function],
          },
          "ref": null,
          "rendered": 0,
          "type": "div",
        },
        Object {
          "instance": null,
          "key": "0_2",
          "nodeType": "host",
          "props": Object {
            "children": 0,
            "className": "tictactoe--cell flex--center",
            "onClick": [Function],
          },
          "ref": null,
          "rendered": 0,
          "type": "div",
        },
        Object {
          "instance": null,
          "key": "1_0",
          "nodeType": "host",
          "props": Object {
            "children": 0,
            "className": "tictactoe--cell flex--center",
            "onClick": [Function],
          },
          "ref": null,
          "rendered": 0,
          "type": "div",
        },
        Object {
          "instance": null,
          "key": "1_1",
          "nodeType": "host",
          "props": Object {
            "children": 0,
            "className": "tictactoe--cell flex--center",
            "onClick": [Function],
          },
          "ref": null,
          "rendered": 0,
          "type": "div",
        },
        Object {
          "instance": null,
          "key": "1_2",
          "nodeType": "host",
          "props": Object {
            "children": 0,
            "className": "tictactoe--cell flex--center",
            "onClick": [Function],
          },
          "ref": null,
          "rendered": 0,
          "type": "div",
        },
        Object {
          "instance": null,
          "key": "2_0",
          "nodeType": "host",
          "props": Object {
            "children": 0,
            "className": "tictactoe--cell flex--center",
            "onClick": [Function],
          },
          "ref": null,
          "rendered": 0,
          "type": "div",
        },
        Object {
          "instance": null,
          "key": "2_1",
          "nodeType": "host",
          "props": Object {
            "children": 0,
            "className": "tictactoe--cell flex--center",
            "onClick": [Function],
          },
          "ref": null,
          "rendered": 0,
          "type": "div",
        },
        Object {
          "instance": null,
          "key": "2_2",
          "nodeType": "host",
          "props": Object {
            "children": 0,
            "className": "tictactoe--cell flex--center",
            "onClick": [Function],
          },
          "ref": null,
          "rendered": 0,
          "type": "div",
        },
      ],
      "type": "div",
    },
    "type": "div",
  },
  Symbol(enzyme.__nodes__): Array [
    Object {
      "instance": null,
      "key": undefined,
      "nodeType": "host",
      "props": Object {
        "children": <div
          className="tictactoe--board"
        >
          <div
            className="tictactoe--cell flex--center"
            onClick={[Function]}
          >
            0
          </div>
          <div
            className="tictactoe--cell flex--center"
            onClick={[Function]}
          >
            0
          </div>
          <div
            className="tictactoe--cell flex--center"
            onClick={[Function]}
          >
            0
          </div>
          <div
            className="tictactoe--cell flex--center"
            onClick={[Function]}
          >
            0
          </div>
          <div
            className="tictactoe--cell flex--center"
            onClick={[Function]}
          >
            0
          </div>
          <div
            className="tictactoe--cell flex--center"
            onClick={[Function]}
          >
            0
          </div>
          <div
            className="tictactoe--cell flex--center"
            onClick={[Function]}
          >
            0
          </div>
          <div
            className="tictactoe--cell flex--center"
            onClick={[Function]}
          >
            0
          </div>
          <div
            className="tictactoe--cell flex--center"
            onClick={[Function]}
          >
            0
          </div>
        </div>,
        "className": "tictactoe--container content--center",
      },
      "ref": null,
      "rendered": Object {
        "instance": null,
        "key": undefined,
        "nodeType": "host",
        "props": Object {
          "children": Array [
            Array [
              <div
                className="tictactoe--cell flex--center"
                onClick={[Function]}
              >
                0
              </div>,
              <div
                className="tictactoe--cell flex--center"
                onClick={[Function]}
              >
                0
              </div>,
              <div
                className="tictactoe--cell flex--center"
                onClick={[Function]}
              >
                0
              </div>,
            ],
            Array [
              <div
                className="tictactoe--cell flex--center"
                onClick={[Function]}
              >
                0
              </div>,
              <div
                className="tictactoe--cell flex--center"
                onClick={[Function]}
              >
                0
              </div>,
              <div
                className="tictactoe--cell flex--center"
                onClick={[Function]}
              >
                0
              </div>,
            ],
            Array [
              <div
                className="tictactoe--cell flex--center"
                onClick={[Function]}
              >
                0
              </div>,
              <div
                className="tictactoe--cell flex--center"
                onClick={[Function]}
              >
                0
              </div>,
              <div
                className="tictactoe--cell flex--center"
                onClick={[Function]}
              >
                0
              </div>,
            ],
          ],
          "className": "tictactoe--board",
        },
        "ref": null,
        "rendered": Array [
          Object {
            "instance": null,
            "key": "0_0",
            "nodeType": "host",
            "props": Object {
              "children": 0,
              "className": "tictactoe--cell flex--center",
              "onClick": [Function],
            },
            "ref": null,
            "rendered": 0,
            "type": "div",
          },
          Object {
            "instance": null,
            "key": "0_1",
            "nodeType": "host",
            "props": Object {
              "children": 0,
              "className": "tictactoe--cell flex--center",
              "onClick": [Function],
            },
            "ref": null,
            "rendered": 0,
            "type": "div",
          },
          Object {
            "instance": null,
            "key": "0_2",
            "nodeType": "host",
            "props": Object {
              "children": 0,
              "className": "tictactoe--cell flex--center",
              "onClick": [Function],
            },
            "ref": null,
            "rendered": 0,
            "type": "div",
          },
          Object {
            "instance": null,
            "key": "1_0",
            "nodeType": "host",
            "props": Object {
              "children": 0,
              "className": "tictactoe--cell flex--center",
              "onClick": [Function],
            },
            "ref": null,
            "rendered": 0,
            "type": "div",
          },
          Object {
            "instance": null,
            "key": "1_1",
            "nodeType": "host",
            "props": Object {
              "children": 0,
              "className": "tictactoe--cell flex--center",
              "onClick": [Function],
            },
            "ref": null,
            "rendered": 0,
            "type": "div",
          },
          Object {
            "instance": null,
            "key": "1_2",
            "nodeType": "host",
            "props": Object {
              "children": 0,
              "className": "tictactoe--cell flex--center",
              "onClick": [Function],
            },
            "ref": null,
            "rendered": 0,
            "type": "div",
          },
          Object {
            "instance": null,
            "key": "2_0",
            "nodeType": "host",
            "props": Object {
              "children": 0,
              "className": "tictactoe--cell flex--center",
              "onClick": [Function],
            },
            "ref": null,
            "rendered": 0,
            "type": "div",
          },
          Object {
            "instance": null,
            "key": "2_1",
            "nodeType": "host",
            "props": Object {
              "children": 0,
              "className": "tictactoe--cell flex--center",
              "onClick": [Function],
            },
            "ref": null,
            "rendered": 0,
            "type": "div",
          },
          Object {
            "instance": null,
            "key": "2_2",
            "nodeType": "host",
            "props": Object {
              "children": 0,
              "className": "tictactoe--cell flex--center",
              "onClick": [Function],
            },
            "ref": null,
            "rendered": 0,
            "type": "div",
          },
        ],
        "type": "div",
      },
      "type": "div",
    },
  ],
  Symbol(enzyme.__options__): Object {
    "adapter": ReactSixteenAdapter {
      "options": Object {
        "enableComponentDidUpdateOnSetState": true,
      },
    },
  },
}
`;
